Fatal error: exception Failure("illegal tuple type")