{ 1.100000, 1.200000, 1.300000, 1.400000
  2.100000, 2.200000, 2.300000, 2.400000
  3.100000, 3.200000, 3.300000, 3.400000
  4.100000, 4.200000, 4.300000, 4.400000 }