{ 4.636364, 0.500000, 1.000000
  2.045455, 3.545455, 2.000000
  3.090909, 4.500000, 1.454545 }
