ints:
[ 1, 2, 3, 4 ]
{ 1, 2, 3, 4
  5, 6, 7, 8 }
floats:
[ 1.100000, 2.200000, 3.300000 ]
{ 1.100000, 2.200000, 3.300000
  4.400000, 5.500000, 6.600000 }
tuples:
( 1, 2, 3 )
[ ( 1, 2, 3 ), ( 3, 4, 5 ) ]
{ ( 1, 2, 3 ), ( 4, 5, 6 )
  ( 7, 8, 9 ), ( 10, 11, 12 ) }
