{ 2.200000, 4.400000, 6.600000
  4.620000, 4.840000, 5.060000
  6.820000, 7.040000, 7.260000 }
