add to int matrix:
{ 1, 2
  3, 4
  5, 6 }
add to float matrix:
{ 1.100000, 2.200000
  3.300000, 4.400000
  5.500000, 6.600000 }
