4.900000
4.900000
4.900000
4.900000
4.900000
4.900000
4.900000
4.900000
4.900000
