LPAREN
RPAREN
LBRACE
LSQBRACE
RSQBRACE
SEMI
COLON
COMMA
BAR
