PLUS
MPLUS
MINUS
MMINUS
TIMES
MTIMES
DIVIDE
MDIVIDE
